// Jest Snapshot v1, https://goo.gl/fbAQLP

exports[`renders <Container /> correctly 1`] = `
<View
  style={
    Array [
      Object {
        "backgroundColor": "#FFFFFF",
        "flexBasis": 0,
        "flexGrow": 1,
        "flexShrink": 1,
        "marginLeft": 15,
        "marginRight": 15,
        "marginTop": 20,
      },
    ]
  }
>
  <Text
    style={
      Array [
        Object {
          "color": "#21386E",
          "fontFamily": "Inter_700Bold",
          "fontSize": 20,
          "letterSpacing": 0,
          "lineHeight": 24,
          "textAlign": "left",
        },
      ]
    }
  >
    Pokemon
  </Text>
</View>
`;
