// Jest Snapshot v1, https://goo.gl/fbAQLP

exports[`renders <PokemonList /> correctly 1`] = `
<RCTScrollView
  ListFooterComponent={null}
  data={
    Array [
      Object {
        "id": "1",
        "name": "Bulbasaur",
        "sprites": Array [
          Object {
            "sprites": "{\\"front_default\\":\\"https://raw.githubusercontent.com/PokeAPI/sprites/master/sprites/pokemon/11.png\\"}",
          },
        ],
        "types": Array [
          Object {
            "type": Object {
              "name": "grass",
            },
          },
        ],
      },
    ]
  }
  getItem={[Function]}
  getItemCount={[Function]}
  keyExtractor={[Function]}
  onContentSizeChange={[Function]}
  onLayout={[Function]}
  onMomentumScrollBegin={[Function]}
  onMomentumScrollEnd={[Function]}
  onScroll={[Function]}
  onScrollBeginDrag={[Function]}
  onScrollEndDrag={[Function]}
  removeClippedSubviews={false}
  renderItem={[Function]}
  scrollEventThrottle={50}
  stickyHeaderIndices={Array []}
  viewabilityConfigCallbackPairs={Array []}
>
  <View>
    <View
      onLayout={[Function]}
      style={null}
    >
      <Text>
        Bulbasaur
      </Text>
    </View>
  </View>
</RCTScrollView>
`;
