// Jest Snapshot v1, https://goo.gl/fbAQLP

exports[`renders <Logo /> correctly 1`] = `
<Image
  source={1}
/>
`;
